//
// AUTO-GENERATED FILE. DO NOT MODIFY.
//
// This class was automatically generated by Apollo GraphQL version '$VERSION'.
//
package com.example.input_object_type.type;

import com.apollographql.apollo3.api.Optional;
import java.lang.Object;
import java.lang.Override;
import java.lang.String;
import org.jetbrains.annotations.Nullable;

/**
 * Circle ref to review input
 */
public class ReviewRefInput {
  public final Optional<ReviewInput> reviewInput;

  private transient volatile int $hashCode;

  private transient volatile boolean $hashCodeMemoized;

  private transient volatile String $toString;

  public ReviewRefInput(Optional<ReviewInput> reviewInput) {
    this.reviewInput = reviewInput;
  }

  @Override
  public boolean equals(Object o) {
    if (o == this) {
      return true;
    }
    if (o instanceof ReviewRefInput) {
      ReviewRefInput that = (ReviewRefInput) o;
      return ((this.reviewInput == null) ? (that.reviewInput == null) : this.reviewInput.equals(that.reviewInput));
    }
    return false;
  }

  @Override
  public int hashCode() {
    if (!$hashCodeMemoized) {
      int h = 1;
      h *= 1000003;
      h ^= (reviewInput == null) ? 0 : reviewInput.hashCode();
      $hashCode = h;
      $hashCodeMemoized = true;
    }
    return $hashCode;
  }

  @Override
  public String toString() {
    if ($toString == null) {
      $toString = "ReviewRefInput{"
        + "reviewInput=" + reviewInput
        + "}";
    }
    return $toString;
  }

  public static Builder builder() {
    return new Builder();
  }

  public static final class Builder {
    private Optional<ReviewInput> reviewInput;

    Builder() {
    }

    public Builder reviewInput(@Nullable ReviewInput reviewInput) {
      this.reviewInput = Optional.presentIfNotNull(reviewInput);
      return this;
    }

    public ReviewRefInput build() {
      return new ReviewRefInput(reviewInput);
    }
  }
}
